# github.com/benbenbenbenbenben/levelgraph
vectors_test.go:1430:18: expected '(', found '.'
FAIL	github.com/benbenbenbenbenben/levelgraph [setup failed]
?   	github.com/benbenbenbenbenben/levelgraph/example/nolij	[no test files]
?   	github.com/benbenbenbenbenben/levelgraph/example/simple	[no test files]
?   	github.com/benbenbenbenbenben/levelgraph/memstore	[no test files]
?   	github.com/benbenbenbenbenben/levelgraph/pkg/graph	[no test files]
?   	github.com/benbenbenbenbenben/levelgraph/pkg/index	[no test files]
=== RUN   TestCosineSimilarity
=== RUN   TestCosineSimilarity/identical_vectors
=== RUN   TestCosineSimilarity/opposite_vectors
=== RUN   TestCosineSimilarity/orthogonal_vectors
=== RUN   TestCosineSimilarity/45_degree_angle
=== RUN   TestCosineSimilarity/empty_vectors
=== RUN   TestCosineSimilarity/mismatched_dimensions
--- PASS: TestCosineSimilarity (0.00s)
    --- PASS: TestCosineSimilarity/identical_vectors (0.00s)
    --- PASS: TestCosineSimilarity/opposite_vectors (0.00s)
    --- PASS: TestCosineSimilarity/orthogonal_vectors (0.00s)
    --- PASS: TestCosineSimilarity/45_degree_angle (0.00s)
    --- PASS: TestCosineSimilarity/empty_vectors (0.00s)
    --- PASS: TestCosineSimilarity/mismatched_dimensions (0.00s)
=== RUN   TestCosineDistance
--- PASS: TestCosineDistance (0.00s)
=== RUN   TestEuclidean
--- PASS: TestEuclidean (0.00s)
=== RUN   TestNormalize
--- PASS: TestNormalize (0.00s)
=== RUN   TestVectorSerialization
--- PASS: TestVectorSerialization (0.00s)
=== RUN   TestBytesToVectorInvalid
--- PASS: TestBytesToVectorInvalid (0.00s)
=== RUN   TestMakeIDAndParseID
=== RUN   TestMakeIDAndParseID/subject_ID
=== RUN   TestMakeIDAndParseID/triple_ID
=== RUN   TestMakeIDAndParseID/facet_ID
--- PASS: TestMakeIDAndParseID (0.00s)
    --- PASS: TestMakeIDAndParseID/subject_ID (0.00s)
    --- PASS: TestMakeIDAndParseID/triple_ID (0.00s)
    --- PASS: TestMakeIDAndParseID/facet_ID (0.00s)
=== RUN   TestParseIDNoColon
--- PASS: TestParseIDNoColon (0.00s)
=== RUN   TestMakeIDParseIDWithColons
=== RUN   TestMakeIDParseIDWithColons/URL_in_object
=== RUN   TestMakeIDParseIDWithColons/timestamp
=== RUN   TestMakeIDParseIDWithColons/multiple_colons_in_subject
=== RUN   TestMakeIDParseIDWithColons/triple_with_URLs
=== RUN   TestMakeIDParseIDWithColons/triple_with_colons_everywhere
=== RUN   TestMakeIDParseIDWithColons/facet_with_colon_in_name
=== RUN   TestMakeIDParseIDWithColons/empty_part
=== RUN   TestMakeIDParseIDWithColons/triple_with_empty_middle_part
=== RUN   TestMakeIDParseIDWithColons/colon_only
=== RUN   TestMakeIDParseIDWithColons/multiple_colons_only
=== RUN   TestMakeIDParseIDWithColons/binary_data_with_colons
--- PASS: TestMakeIDParseIDWithColons (0.00s)
    --- PASS: TestMakeIDParseIDWithColons/URL_in_object (0.00s)
    --- PASS: TestMakeIDParseIDWithColons/timestamp (0.00s)
    --- PASS: TestMakeIDParseIDWithColons/multiple_colons_in_subject (0.00s)
    --- PASS: TestMakeIDParseIDWithColons/triple_with_URLs (0.00s)
    --- PASS: TestMakeIDParseIDWithColons/triple_with_colons_everywhere (0.00s)
    --- PASS: TestMakeIDParseIDWithColons/facet_with_colon_in_name (0.00s)
    --- PASS: TestMakeIDParseIDWithColons/empty_part (0.00s)
    --- PASS: TestMakeIDParseIDWithColons/triple_with_empty_middle_part (0.00s)
    --- PASS: TestMakeIDParseIDWithColons/colon_only (0.00s)
    --- PASS: TestMakeIDParseIDWithColons/multiple_colons_only (0.00s)
    --- PASS: TestMakeIDParseIDWithColons/binary_data_with_colons (0.00s)
=== RUN   TestVarintEncoding
=== RUN   TestVarintEncoding/#00
=== RUN   TestVarintEncoding/#01
=== RUN   TestVarintEncoding/#02
=== RUN   TestVarintEncoding/#03
=== RUN   TestVarintEncoding/#04
=== RUN   TestVarintEncoding/#05
=== RUN   TestVarintEncoding/#06
=== RUN   TestVarintEncoding/#07
--- PASS: TestVarintEncoding (0.00s)
    --- PASS: TestVarintEncoding/#00 (0.00s)
    --- PASS: TestVarintEncoding/#01 (0.00s)
    --- PASS: TestVarintEncoding/#02 (0.00s)
    --- PASS: TestVarintEncoding/#03 (0.00s)
    --- PASS: TestVarintEncoding/#04 (0.00s)
    --- PASS: TestVarintEncoding/#05 (0.00s)
    --- PASS: TestVarintEncoding/#06 (0.00s)
    --- PASS: TestVarintEncoding/#07 (0.00s)
=== RUN   TestReadVarintErrors
--- PASS: TestReadVarintErrors (0.00s)
=== RUN   TestParseLegacyFormat
=== RUN   TestParseLegacyFormat/legacy_subject_(no_colons_in_data)
=== RUN   TestParseLegacyFormat/legacy_triple
--- PASS: TestParseLegacyFormat (0.00s)
    --- PASS: TestParseLegacyFormat/legacy_subject_(no_colons_in_data) (0.00s)
    --- PASS: TestParseLegacyFormat/legacy_triple (0.00s)
=== RUN   TestNormalizeScore
=== RUN   TestNormalizeScore/identical_vectors_(distance_0)
=== RUN   TestNormalizeScore/orthogonal_vectors_(distance_1)
=== RUN   TestNormalizeScore/opposite_vectors_(distance_2)
=== RUN   TestNormalizeScore/negative_distance_clamped
=== RUN   TestNormalizeScore/distance_>_2_clamped
=== RUN   TestNormalizeScore/typical_distance_0.5
--- PASS: TestNormalizeScore (0.00s)
    --- PASS: TestNormalizeScore/identical_vectors_(distance_0) (0.00s)
    --- PASS: TestNormalizeScore/orthogonal_vectors_(distance_1) (0.00s)
    --- PASS: TestNormalizeScore/opposite_vectors_(distance_2) (0.00s)
    --- PASS: TestNormalizeScore/negative_distance_clamped (0.00s)
    --- PASS: TestNormalizeScore/distance_>_2_clamped (0.00s)
    --- PASS: TestNormalizeScore/typical_distance_0.5 (0.00s)
=== RUN   TestScoreRangeConsistency
=== RUN   TestScoreRangeConsistency/FlatIndex
=== RUN   TestScoreRangeConsistency/HNSWIndex
--- PASS: TestScoreRangeConsistency (0.00s)
    --- PASS: TestScoreRangeConsistency/FlatIndex (0.00s)
    --- PASS: TestScoreRangeConsistency/HNSWIndex (0.00s)
=== RUN   TestFlatIndexBasicOperations
--- PASS: TestFlatIndexBasicOperations (0.00s)
=== RUN   TestFlatIndexErrors
--- PASS: TestFlatIndexErrors (0.00s)
=== RUN   TestFlatIndexSearch
--- PASS: TestFlatIndexSearch (0.00s)
=== RUN   TestFlatIndexSearchEmpty
--- PASS: TestFlatIndexSearchEmpty (0.00s)
=== RUN   TestFlatIndexSearchKLargerThanN
--- PASS: TestFlatIndexSearchKLargerThanN (0.00s)
=== RUN   TestFlatIndexUpdate
--- PASS: TestFlatIndexUpdate (0.00s)
=== RUN   TestFlatIndexConcurrency
--- PASS: TestFlatIndexConcurrency (0.01s)
=== RUN   TestHNSWIndexBasicOperations
--- PASS: TestHNSWIndexBasicOperations (0.00s)
=== RUN   TestHNSWIndexSearch
--- PASS: TestHNSWIndexSearch (0.00s)
=== RUN   TestHNSWIndexLargerScale
    vector_test.go:863: Average recall@10: 100.00%
--- PASS: TestHNSWIndexLargerScale (0.14s)
=== RUN   TestHNSWIndexErrors
--- PASS: TestHNSWIndexErrors (0.00s)
=== RUN   TestHNSWIndexConcurrency
--- PASS: TestHNSWIndexConcurrency (0.08s)
=== RUN   TestHNSWIndexDelete
--- PASS: TestHNSWIndexDelete (0.00s)
=== RUN   TestHNSWIndexDeleteMaintainsConnectivity
    vector_test.go:1038: Average recall@10 after 30 deletions: 100.00%
--- PASS: TestHNSWIndexDeleteMaintainsConnectivity (0.01s)
=== RUN   TestHNSWIndexDeleteEntryPoint
--- PASS: TestHNSWIndexDeleteEntryPoint (0.00s)
=== RUN   TestHNSWIndexUpdateRebuildConnections
    vector_test.go:1150: Recall after update: 100.00%
--- PASS: TestHNSWIndexUpdateRebuildConnections (0.00s)
=== RUN   TestHNSWIndexUpdateMinorChange
--- PASS: TestHNSWIndexUpdateMinorChange (0.00s)
=== RUN   TestHNSWIndexUpdateMajorChange
--- PASS: TestHNSWIndexUpdateMajorChange (0.00s)
=== RUN   TestHNSWIndexExportImport
--- PASS: TestHNSWIndexExportImport (0.00s)
=== RUN   TestHNSWIndexExportImportSearchQuality
    vector_test.go:1378: Recall before export: 100.00%, after import: 100.00%
--- PASS: TestHNSWIndexExportImportSearchQuality (0.02s)
=== RUN   TestHNSWIndexExportImportEmpty
--- PASS: TestHNSWIndexExportImportEmpty (0.00s)
=== RUN   TestHNSWIndexImportDimensionMismatch
--- PASS: TestHNSWIndexImportDimensionMismatch (0.00s)
=== RUN   TestHNSWIndexExportImportConnections
--- PASS: TestHNSWIndexExportImportConnections (0.00s)
PASS
ok  	github.com/benbenbenbenbenben/levelgraph/vector	(cached)
=== RUN   TestNewEmbedder
--- PASS: TestNewEmbedder (6.34s)
=== RUN   TestNewEmbedderInt8
--- PASS: TestNewEmbedderInt8 (4.83s)
=== RUN   TestEmbed
--- PASS: TestEmbed (4.60s)
=== RUN   TestEmbedBatch
--- PASS: TestEmbedBatch (5.06s)
=== RUN   TestCosineSimilarity
    luxical_test.go:171: Similarities: tennis/badminton=0.8591, tennis/programming=0.6120
--- PASS: TestCosineSimilarity (4.82s)
=== RUN   TestEmbedderImplementsInterface
--- PASS: TestEmbedderImplementsInterface (0.00s)
PASS
ok  	github.com/benbenbenbenbenben/levelgraph/vector/luxical	(cached)
FAIL
